------------------------------------------------------------
Timing Analyzer Summary
------------------------------------------------------------

Type  : Slow 1200mV 85C Model Setup 'clk'
Slack : -2.865
TNS   : -75.922

Type  : Slow 1200mV 85C Model Setup 'spi_clk'
Slack : -2.045
TNS   : -25.724

Type  : Slow 1200mV 85C Model Hold 'clk'
Slack : 0.455
TNS   : 0.000

Type  : Slow 1200mV 85C Model Hold 'spi_clk'
Slack : 0.456
TNS   : 0.000

Type  : Slow 1200mV 85C Model Minimum Pulse Width 'clk'
Slack : -3.000
TNS   : -55.045

Type  : Slow 1200mV 85C Model Minimum Pulse Width 'spi_clk'
Slack : -3.000
TNS   : -32.740

Type  : Slow 1200mV 0C Model Setup 'clk'
Slack : -2.585
TNS   : -67.518

Type  : Slow 1200mV 0C Model Setup 'spi_clk'
Slack : -1.857
TNS   : -22.840

Type  : Slow 1200mV 0C Model Hold 'clk'
Slack : 0.403
TNS   : 0.000

Type  : Slow 1200mV 0C Model Hold 'spi_clk'
Slack : 0.403
TNS   : 0.000

Type  : Slow 1200mV 0C Model Minimum Pulse Width 'clk'
Slack : -3.000
TNS   : -55.045

Type  : Slow 1200mV 0C Model Minimum Pulse Width 'spi_clk'
Slack : -3.000
TNS   : -32.740

Type  : Fast 1200mV 0C Model Setup 'clk'
Slack : -0.588
TNS   : -12.661

Type  : Fast 1200mV 0C Model Setup 'spi_clk'
Slack : -0.307
TNS   : -1.142

Type  : Fast 1200mV 0C Model Hold 'clk'
Slack : 0.186
TNS   : 0.000

Type  : Fast 1200mV 0C Model Hold 'spi_clk'
Slack : 0.187
TNS   : 0.000

Type  : Fast 1200mV 0C Model Minimum Pulse Width 'clk'
Slack : -3.000
TNS   : -40.861

Type  : Fast 1200mV 0C Model Minimum Pulse Width 'spi_clk'
Slack : -3.000
TNS   : -24.865

------------------------------------------------------------
