------------------------------------------------------------
Timing Analyzer Summary
------------------------------------------------------------

Type  : Slow 1200mV 85C Model Setup 'inst|altpll_component|auto_generated|pll1|clk[0]'
Slack : -0.455
TNS   : -3.008

Type  : Slow 1200mV 85C Model Hold 'inst|altpll_component|auto_generated|pll1|clk[0]'
Slack : 0.454
TNS   : 0.000

Type  : Slow 1200mV 85C Model Minimum Pulse Width 'inst|altpll_component|auto_generated|pll1|clk[0]'
Slack : 7.548
TNS   : 0.000

Type  : Slow 1200mV 85C Model Minimum Pulse Width 'clk'
Slack : 41.594
TNS   : 0.000

Type  : Slow 1200mV 0C Model Setup 'inst|altpll_component|auto_generated|pll1|clk[0]'
Slack : 0.815
TNS   : 0.000

Type  : Slow 1200mV 0C Model Hold 'inst|altpll_component|auto_generated|pll1|clk[0]'
Slack : 0.403
TNS   : 0.000

Type  : Slow 1200mV 0C Model Minimum Pulse Width 'inst|altpll_component|auto_generated|pll1|clk[0]'
Slack : 7.533
TNS   : 0.000

Type  : Slow 1200mV 0C Model Minimum Pulse Width 'clk'
Slack : 41.604
TNS   : 0.000

Type  : Fast 1200mV 0C Model Setup 'inst|altpll_component|auto_generated|pll1|clk[0]'
Slack : 8.566
TNS   : 0.000

Type  : Fast 1200mV 0C Model Hold 'inst|altpll_component|auto_generated|pll1|clk[0]'
Slack : 0.187
TNS   : 0.000

Type  : Fast 1200mV 0C Model Minimum Pulse Width 'inst|altpll_component|auto_generated|pll1|clk[0]'
Slack : 7.697
TNS   : 0.000

Type  : Fast 1200mV 0C Model Minimum Pulse Width 'clk'
Slack : 41.252
TNS   : 0.000

------------------------------------------------------------
