------------------------------------------------------------
Timing Analyzer Summary
------------------------------------------------------------

Type  : Slow 1200mV 85C Model Setup 'inst|altpll_component|auto_generated|pll1|clk[0]'
Slack : 0.647
TNS   : 0.000

Type  : Slow 1200mV 85C Model Hold 'inst|altpll_component|auto_generated|pll1|clk[0]'
Slack : 0.436
TNS   : 0.000

Type  : Slow 1200mV 85C Model Minimum Pulse Width 'inst|altpll_component|auto_generated|pll1|clk[0]'
Slack : 2.118
TNS   : 0.000

Type  : Slow 1200mV 85C Model Minimum Pulse Width 'i_clock'
Slack : 41.594
TNS   : 0.000

Type  : Slow 1200mV 0C Model Setup 'inst|altpll_component|auto_generated|pll1|clk[0]'
Slack : 0.878
TNS   : 0.000

Type  : Slow 1200mV 0C Model Hold 'inst|altpll_component|auto_generated|pll1|clk[0]'
Slack : 0.385
TNS   : 0.000

Type  : Slow 1200mV 0C Model Minimum Pulse Width 'inst|altpll_component|auto_generated|pll1|clk[0]'
Slack : 2.107
TNS   : 0.000

Type  : Slow 1200mV 0C Model Minimum Pulse Width 'i_clock'
Slack : 41.604
TNS   : 0.000

Type  : Fast 1200mV 0C Model Setup 'inst|altpll_component|auto_generated|pll1|clk[0]'
Slack : 3.100
TNS   : 0.000

Type  : Fast 1200mV 0C Model Hold 'inst|altpll_component|auto_generated|pll1|clk[0]'
Slack : 0.179
TNS   : 0.000

Type  : Fast 1200mV 0C Model Minimum Pulse Width 'inst|altpll_component|auto_generated|pll1|clk[0]'
Slack : 2.259
TNS   : 0.000

Type  : Fast 1200mV 0C Model Minimum Pulse Width 'i_clock'
Slack : 41.252
TNS   : 0.000

------------------------------------------------------------
